exports[`can represent a complex graph with one-to-many relationships, transformations, etc 1`] = `"[{"statement":"MERGE (n:A { aId: {aId} }) SET n += $remainingProps","parameters":{"aId":10,"remainingProps":{"sides":3,"body":"body text"}}},{"statement":"MERGE (n:B { bId: {bId} }) SET n += $remainingProps","parameters":{"bId":25,"remainingProps":{"sides":5}}},{"statement":"MERGE (n:B { bId: {bId} }) SET n += $remainingProps","parameters":{"bId":30,"remainingProps":{"sides":5}}},{"statement":"MERGE (n:B { bId: {bId} }) SET n += $remainingProps","parameters":{"bId":35,"remainingProps":{"sides":5}}},{"statement":"MERGE (n:B { bId: {bId} }) SET n += $remainingProps","parameters":{"bId":40,"remainingProps":{"sides":5}}},{"statement":"MERGE (n:B { bId: {bId} }) SET n += $remainingProps","parameters":{"bId":45,"remainingProps":{"sides":5}}},{"statement":"MERGE (n:C:LABEL_OF_C { id: {id} }) SET n += $remainingProps","parameters":{"id":100,"remainingProps":{"label":"["C","LABEL_OF_C"]"}}},{"statement":"MERGE (n:D:LABEL_OF_D { id: {id} }) SET n += $remainingProps","parameters":{"id":500,"remainingProps":{"label":"["D","LABEL_OF_D"]"}}},{"statement":"MATCH (left:A { aId: {left_aId} }), (right:B { bId: {right_bId} }) MERGE (left)-[r:LIKES]-(right) SET r += $relationshipProps","parameters":{"left_aId":10,"right_bId":25,"relationshipProps":{"label":"LIKES"}}},{"statement":"MATCH (left:A { aId: {left_aId} }), (right:B { bId: {right_bId} }) MERGE (left)-[r:LIKES]-(right) SET r += $relationshipProps","parameters":{"left_aId":10,"right_bId":30,"relationshipProps":{"label":"LIKES"}}},{"statement":"MATCH (left:A { aId: {left_aId} }), (right:B { bId: {right_bId} }) MERGE (left)-[r:LIKES]-(right) SET r += $relationshipProps","parameters":{"left_aId":10,"right_bId":35,"relationshipProps":{"label":"LIKES"}}},{"statement":"MATCH (left:A { aId: {left_aId} }), (right:B { bId: {right_bId} }) MERGE (left)-[r:LIKES]-(right) SET r += $relationshipProps","parameters":{"left_aId":10,"right_bId":40,"relationshipProps":{"label":"LIKES"}}},{"statement":"MATCH (left:A { aId: {left_aId} }), (right:B { bId: {right_bId} }) MERGE (left)-[r:LIKES]-(right) SET r += $relationshipProps","parameters":{"left_aId":10,"right_bId":45,"relationshipProps":{"label":"LIKES"}}},{"statement":"MATCH (left:A { aId: {left_aId} }), (right:C:LABEL_OF_C { id: {right_id} }) MERGE (left)-[r:LOVES]-(right) SET r += $relationshipProps","parameters":{"left_aId":10,"right_id":100,"relationshipProps":{"label":"LOVES"}}},{"statement":"MATCH (left:C:LABEL_OF_C { id: {left_id} }), (right:D:LABEL_OF_D { id: {right_id} }) MERGE (left)-[r:LOVES]-(right) SET r += $relationshipProps","parameters":{"left_id":100,"right_id":500,"relationshipProps":{"label":"LOVES"}}}]"`;

exports[`can represent a simple graph 1`] = `"[{"statement":"MERGE (n:A { id: {id} }) SET n += $remainingProps","parameters":{"id":10,"remainingProps":{"body":"body text"}}},{"statement":"MERGE (n:B { id: {id} }) SET n += $remainingProps","parameters":{"id":25,"remainingProps":{}}},{"statement":"MERGE (n:C { id: {id} }) SET n += $remainingProps","parameters":{"id":100,"remainingProps":{"type":"["C","LABEL_OF_C"]"}}},{"statement":"MATCH (left:A { id: {left_id} }), (right:B { id: {right_id} }) MERGE (left)-[r:LIKES]-(right) SET r += $relationshipProps","parameters":{"left_id":10,"right_id":25,"relationshipProps":{"label":"LIKES"}}},{"statement":"MATCH (left:A { id: {left_id} }), (right:C { id: {right_id} }) MERGE (left)-[r:LOVES]-(right) SET r += $relationshipProps","parameters":{"left_id":10,"right_id":100,"relationshipProps":{"label":"LOVES"}}}]"`;

exports[`can represent complex graph (1-to-m, transformations) 1`] = `"[{\"statement\":\"MERGE (n:A { aId: {aId} }) SET n += $remainingProps\",\"parameters\":{\"aId\":10,\"remainingProps\":{\"sides\":3,\"body\":\"body text\"}}},{\"statement\":\"MERGE (n:B { bId: {bId} }) SET n += $remainingProps\",\"parameters\":{\"bId\":25,\"remainingProps\":{\"sides\":5}}},{\"statement\":\"MERGE (n:B { bId: {bId} }) SET n += $remainingProps\",\"parameters\":{\"bId\":30,\"remainingProps\":{\"sides\":5}}},{\"statement\":\"MERGE (n:B { bId: {bId} }) SET n += $remainingProps\",\"parameters\":{\"bId\":35,\"remainingProps\":{\"sides\":5}}},{\"statement\":\"MERGE (n:B { bId: {bId} }) SET n += $remainingProps\",\"parameters\":{\"bId\":40,\"remainingProps\":{\"sides\":5}}},{\"statement\":\"MERGE (n:B { bId: {bId} }) SET n += $remainingProps\",\"parameters\":{\"bId\":45,\"remainingProps\":{\"sides\":5}}},{\"statement\":\"MERGE (n:C:LABEL_OF_C { id: {id} }) SET n += $remainingProps\",\"parameters\":{\"id\":100,\"remainingProps\":{\"label\":\"[\\\"C\\\",\\\"LABEL_OF_C\\\"]\"}}},{\"statement\":\"MERGE (n:D:LABEL_OF_D { id: {id} }) SET n += $remainingProps\",\"parameters\":{\"id\":500,\"remainingProps\":{\"label\":\"[\\\"D\\\",\\\"LABEL_OF_D\\\"]\"}}},{\"statement\":\"MATCH (left:A { aId: {left_aId} }), (right:B { bId: {right_bId} }) MERGE (left)-[r:LIKES]-(right) SET r += $relationshipProps\",\"parameters\":{\"left_aId\":10,\"right_bId\":25,\"relationshipProps\":{\"label\":\"LIKES\"}}},{\"statement\":\"MATCH (left:A { aId: {left_aId} }), (right:B { bId: {right_bId} }) MERGE (left)-[r:LIKES]-(right) SET r += $relationshipProps\",\"parameters\":{\"left_aId\":10,\"right_bId\":30,\"relationshipProps\":{\"label\":\"LIKES\"}}},{\"statement\":\"MATCH (left:A { aId: {left_aId} }), (right:B { bId: {right_bId} }) MERGE (left)-[r:LIKES]-(right) SET r += $relationshipProps\",\"parameters\":{\"left_aId\":10,\"right_bId\":35,\"relationshipProps\":{\"label\":\"LIKES\"}}},{\"statement\":\"MATCH (left:A { aId: {left_aId} }), (right:B { bId: {right_bId} }) MERGE (left)-[r:LIKES]-(right) SET r += $relationshipProps\",\"parameters\":{\"left_aId\":10,\"right_bId\":40,\"relationshipProps\":{\"label\":\"LIKES\"}}},{\"statement\":\"MATCH (left:A { aId: {left_aId} }), (right:B { bId: {right_bId} }) MERGE (left)-[r:LIKES]-(right) SET r += $relationshipProps\",\"parameters\":{\"left_aId\":10,\"right_bId\":45,\"relationshipProps\":{\"label\":\"LIKES\"}}},{\"statement\":\"MATCH (left:A { aId: {left_aId} }), (right:C:LABEL_OF_C { id: {right_id} }) MERGE (left)-[r:LOVES]-(right) SET r += $relationshipProps\",\"parameters\":{\"left_aId\":10,\"right_id\":100,\"relationshipProps\":{\"label\":\"LOVES\"}}},{\"statement\":\"MATCH (left:C:LABEL_OF_C { id: {left_id} }), (right:D:LABEL_OF_D { id: {right_id} }) MERGE (left)-[r:LOVES]-(right) SET r += $relationshipProps\",\"parameters\":{\"left_id\":100,\"right_id\":500,\"relationshipProps\":{\"label\":\"LOVES\"}}}]"`;

exports[`can represent nodes connected to themselves 1`] = `"[{\"statement\":\"MERGE (n:opinion { id: {id} }) SET n += $remainingProps\",\"parameters\":{\"id\":1,\"remainingProps\":{\"message\":\"this is probably broken\"}}},{\"statement\":\"MERGE (n:fact { id: {id} }) SET n += $remainingProps\",\"parameters\":{\"id\":101,\"remainingProps\":{\"label\":\"fact\",\"message\":\"1 + 1 = 2\"}}},{\"statement\":\"MERGE (n:fact { id: {id} }) SET n += $remainingProps\",\"parameters\":{\"id\":9000,\"remainingProps\":{\"label\":\"fact\",\"message\":\"snapshots are cool\"}}},{\"statement\":\"MATCH (left:fact { id: {left_id} }), (right:fact { id: {right_id} }) MERGE (left)-[r:CONNECTED_TO]-(right) SET r += $relationshipProps\",\"parameters\":{\"left_id\":101,\"right_id\":9000,\"relationshipProps\":{}}}]"`;

exports[`can represent simple graph 1`] = `"[{\"statement\":\"MERGE (n:A { id: {id} }) SET n += $remainingProps\",\"parameters\":{\"id\":10,\"remainingProps\":{\"body\":\"body text\"}}},{\"statement\":\"MERGE (n:B { id: {id} }) SET n += $remainingProps\",\"parameters\":{\"id\":25,\"remainingProps\":{}}},{\"statement\":\"MERGE (n:C { id: {id} }) SET n += $remainingProps\",\"parameters\":{\"id\":100,\"remainingProps\":{\"type\":\"[\\\"C\\\",\\\"LABEL_OF_C\\\"]\"}}},{\"statement\":\"MATCH (left:A { id: {left_id} }), (right:B { id: {right_id} }) MERGE (left)-[r:LIKES]-(right) SET r += $relationshipProps\",\"parameters\":{\"left_id\":10,\"right_id\":25,\"relationshipProps\":{\"label\":\"LIKES\"}}},{\"statement\":\"MATCH (left:A { id: {left_id} }), (right:C { id: {right_id} }) MERGE (left)-[r:LOVES]-(right) SET r += $relationshipProps\",\"parameters\":{\"left_id\":10,\"right_id\":100,\"relationshipProps\":{\"label\":\"LOVES\"}}}]"`;

exports[`can switch the direction of the relationships 1`] = `"[{\"statement\":\"MERGE (n:A { id: {id} }) SET n += $remainingProps\",\"parameters\":{\"id\":10,\"remainingProps\":{\"body\":\"body text\"}}},{\"statement\":\"MERGE (n:B { id: {id} }) SET n += $remainingProps\",\"parameters\":{\"id\":25,\"remainingProps\":{}}},{\"statement\":\"MERGE (n:B { id: {id} }) SET n += $remainingProps\",\"parameters\":{\"id\":30,\"remainingProps\":{}}},{\"statement\":\"MERGE (n:B { id: {id} }) SET n += $remainingProps\",\"parameters\":{\"id\":35,\"remainingProps\":{}}},{\"statement\":\"MERGE (n:B { id: {id} }) SET n += $remainingProps\",\"parameters\":{\"id\":40,\"remainingProps\":{}}},{\"statement\":\"MERGE (n:B { id: {id} }) SET n += $remainingProps\",\"parameters\":{\"id\":45,\"remainingProps\":{}}},{\"statement\":\"MERGE (n:C { id: {id} }) SET n += $remainingProps\",\"parameters\":{\"id\":100,\"remainingProps\":{\"type\":\"[\\\"C\\\",\\\"LABEL_OF_C\\\"]\"}}},{\"statement\":\"MERGE (n:D { id: {id} }) SET n += $remainingProps\",\"parameters\":{\"id\":500,\"remainingProps\":{\"type\":\"[\\\"D\\\",\\\"LABEL_OF_D\\\"]\"}}},{\"statement\":\"MATCH (left:A { id: {left_id} }), (right:B { id: {right_id} }) MERGE (left)-[r:LIKES]->(right) SET r += $relationshipProps\",\"parameters\":{\"left_id\":10,\"right_id\":25,\"relationshipProps\":{\"dir\":\"forward\",\"label\":\"LIKES\"}}},{\"statement\":\"MATCH (left:A { id: {left_id} }), (right:B { id: {right_id} }) MERGE (left)-[r:LIKES]->(right) SET r += $relationshipProps\",\"parameters\":{\"left_id\":10,\"right_id\":30,\"relationshipProps\":{\"dir\":\"forward\",\"label\":\"LIKES\"}}},{\"statement\":\"MATCH (left:A { id: {left_id} }), (right:B { id: {right_id} }) MERGE (left)-[r:LIKES]->(right) SET r += $relationshipProps\",\"parameters\":{\"left_id\":10,\"right_id\":35,\"relationshipProps\":{\"dir\":\"forward\",\"label\":\"LIKES\"}}},{\"statement\":\"MATCH (left:A { id: {left_id} }), (right:B { id: {right_id} }) MERGE (left)-[r:LIKES]->(right) SET r += $relationshipProps\",\"parameters\":{\"left_id\":10,\"right_id\":40,\"relationshipProps\":{\"dir\":\"forward\",\"label\":\"LIKES\"}}},{\"statement\":\"MATCH (left:A { id: {left_id} }), (right:B { id: {right_id} }) MERGE (left)-[r:LIKES]->(right) SET r += $relationshipProps\",\"parameters\":{\"left_id\":10,\"right_id\":45,\"relationshipProps\":{\"dir\":\"forward\",\"label\":\"LIKES\"}}},{\"statement\":\"MATCH (left:A { id: {left_id} }), (right:C { id: {right_id} }) MERGE (left)<-[r:LOVES]-(right) SET r += $relationshipProps\",\"parameters\":{\"left_id\":10,\"right_id\":100,\"relationshipProps\":{\"dir\":\"back\",\"label\":\"LOVES\"}}},{\"statement\":\"MATCH (left:C { id: {left_id} }), (right:D { id: {right_id} }) MERGE (left)<-[r:LOVES]-(right) SET r += $relationshipProps\",\"parameters\":{\"left_id\":100,\"right_id\":500,\"relationshipProps\":{\"dir\":\"back\",\"label\":\"LOVES\"}}}]"`;
